[Bootstrap]
SetupTitle=Instalar
SetupText=Copiando archivos, espere.
CabFile=OSBusiness.CAB
Spawn=Setup1.exe
Uninstal=st6unst.exe
TmpDir=msftqws.pdw
Cabs=1

[Bootstrap Files]
File1=@VB6STKIT.DLL,$(WinSysPathSysFile),,,7/28/98 12:00:00 AM,102912,6.0.81.69
File2=@COMCAT.DLL,$(WinSysPathSysFile),$(DLLSelfRegister),,6/1/98 12:00:00 AM,22288,4.71.1460.1
File3=@OLEPRO32.DLL,$(WinSysPathSysFile),$(DLLSelfRegister),,8/31/99 11:55:18 PM,164112,5.0.4277.1
File4=@MSVCRT40.DLL,$(WinSysPathSysFile),,,6/1/98 12:00:00 AM,326656,4.21.0.0
File5=@VB6ES.DLL,$(WinSysPath),,$(Shared),7/28/98 12:00:00 AM,119568,5.0.81.69
File6=@STDOLE2.TLB,$(WinSysPathSysFile),$(TLBRegister),,8/31/99 11:55:18 PM,17920,2.40.4277.1
File7=@ASYCFILT.DLL,$(WinSysPathSysFile),,,8/31/99 11:55:18 PM,147728,2.40.4277.1
File8=@OLEAUT32.DLL,$(WinSysPathSysFile),$(DLLSelfRegister),,8/31/99 11:55:18 PM,598288,2.40.4277.1
File9=@msvbvm60.dll,$(WinSysPathSysFile),$(DLLSelfRegister),,5/27/00 12:10:18 AM,1388544,6.0.88.77

[IconGroups]
Group0=OSBusiness
PrivateGroup0=Falso
Parent0=$(Programs)

[OSBusiness]
Icon1="OSBusiness.exe"
Title1=OSBusiness
StartIn1=$(AppPath)

[Setup]
Title=OSBusiness
DefaultDir=$(ProgramFiles)\OSBusiness
AppExe=OSBusiness.EXE
AppToUninstall=OSBusiness.EXE

[Setup1 Files]
File1=@MDAC_TYP.EXE,$(AppPath),,,8/7/98 12:00:00 AM,6477888,4.72.3110.0
File2=@MSCC2ES.DLL,$(WinSysPath),,$(Shared),7/28/98 12:00:00 AM,60928,6.0.81.63
File3=@MSCOMCT2.OCX,$(WinSysPath),$(DLLSelfRegister),$(Shared),6/26/98 12:00:00 AM,644400,6.0.81.77
File4=@MSCH2ES.DLL,$(WinSysPath),,$(Shared),7/28/98 12:00:00 AM,108032,6.0.81.63
File5=@MSCHRT20.OCX,$(WinSysPath),$(DLLSelfRegister),$(Shared),6/26/98 12:00:00 AM,1008432,6.0.81.77
File6=@OSControlsUser.ocx,$(WinSysPath),$(DLLSelfRegister),$(Shared),5/15/02 8:15:14 PM,262144,1.0.0.0
File7=@MSCMCES.DLL,$(WinSysPath),,$(Shared),7/28/98 12:00:00 AM,140800,6.0.81.63
File8=@MSCOMCTL.OCX,$(WinSysPath),$(DLLSelfRegister),$(Shared),1/6/99 1:18:14 PM,1057552,6.1.83.41
File9=@u252000.dll,$(WinSysPath),,$(Shared),3/16/99 4:00:00 PM,55808,7.0.0.5
File10=@u2lsamp1.dll,$(AppPath),,,3/16/99 4:00:00 PM,27136,0.0.0.0
File11=@u2ldts.dll,$(AppPath),,,3/16/99 4:00:00 PM,38400,0.0.0.0
File12=@u2lcom.dll,$(WinSysPath),,$(Shared),3/16/99 4:00:00 PM,24576,1.0.0.14
File13=@u2lbar.dll,$(AppPath),,,3/16/99 4:00:00 PM,40960,0.0.0.0
File14=@u2l2000.dll,$(WinSysPath),,$(Shared),3/16/99 4:00:00 PM,56320,7.0.0.5
File15=@U25TOTAL.DLL,$(AppPath),,,5/28/03 9:36:24 PM,59904,0.0.0.0
File16=@U25STORE.DLL,$(AppPath),,,5/28/03 9:36:24 PM,61440,0.0.0.0
File17=@u25dts.dll,$(AppPath),,,3/16/99 4:00:00 PM,44544,0.0.0.0
File18=@u2fxls.dll,$(WinSysPath),,$(Shared),3/16/99 4:00:00 PM,126976,7.0.100.0
File19=@u2fwordw.dll,$(WinSysPath),,$(Shared),3/16/99 4:00:00 PM,59392,7.0.100.0
File20=@u2fwks.dll,$(WinSysPath),,$(Shared),3/16/99 4:00:00 PM,19968,7.0.100.0
File21=@u2ftext.dll,$(WinSysPath),,$(Shared),3/16/99 4:00:00 PM,129024,7.0.0.38
File22=@u2fsepv.dll,$(WinSysPath),,$(Shared),3/16/99 4:00:00 PM,17920,7.0.100.0
File23=@u2frtf.dll,$(WinSysPath),,$(Shared),3/16/99 4:00:00 PM,61952,7.0.100.0
File24=@u2frec.dll,$(WinSysPath),,$(Shared),3/16/99 4:00:00 PM,14336,7.0.100.0
File25=@u2fodbc.dll,$(WinSysPath),,$(Shared),3/16/99 4:00:00 PM,27648,7.0.100.0
File26=@u2fhtml.dll,$(WinSysPath),,$(Shared),3/16/99 4:00:00 PM,143872,7.0.100.0
File27=@u2fcr.dll,$(WinSysPath),,$(Shared),3/16/99 4:00:00 PM,8192,7.0.100.0
File28=@u2dapp.dll,$(WinSysPath),,$(Shared),3/16/99 4:00:00 PM,10240,7.0.100.0
File29=@u2dvim.dll,$(WinSysPath),,$(Shared),3/16/99 4:00:00 PM,32256,7.0.100.0
File30=@u2dpost.dll,$(WinSysPath),,$(Shared),3/16/99 4:00:00 PM,37888,7.0.100.0
File31=@u2dnotes.dll,$(WinSysPath),,$(Shared),3/16/99 4:00:00 PM,38400,7.0.100.0
File32=@u2dmapi.dll,$(WinSysPath),,$(Shared),3/16/99 4:00:00 PM,18432,7.0.100.0
File33=@u2ddisk.dll,$(WinSysPath),,$(Shared),3/16/99 4:00:00 PM,8704,7.0.100.0
File34=@p2soledb.dll,$(WinSysPath),,$(Shared),3/16/99 4:00:00 PM,138240,7.0.0.26
File35=@p2ssyb10.dll,$(WinSysPath),,$(Shared),3/16/99 4:00:00 PM,160768,7.0.0.49
File36=@p2ssql.dll,$(WinSysPath),,$(Shared),3/16/99 4:00:00 PM,201728,7.0.0.44
File37=@p2sora7.dll,$(WinSysPath),,$(Shared),3/16/99 4:00:00 PM,216064,7.0.0.45
File38=@p2sodbc.dll,$(WinSysPath),,$(Shared),3/16/99 4:00:00 PM,206848,7.0.0.134
File39=@p2smon.dll,$(WinSysPath),,$(Shared),3/16/99 4:00:00 PM,189952,7.0.0.61
File40=@p2sifmx.dll,$(WinSysPath),,$(Shared),3/16/99 4:00:00 PM,173568,7.0.0.15
File41=@p2irdao.dll,$(WinSysPath),,$(Shared),3/16/99 4:00:00 PM,112640,7.0.0.39
File42=@p2ctdao.dll,$(WinSysPath),,$(Shared),3/16/99 4:00:00 PM,81408,7.0.0.29
File43=@p2bxbse.dll,$(WinSysPath),,$(Shared),3/16/99 4:00:00 PM,268288,7.0.0.14
File44=@p2bdao.dll,$(WinSysPath),,$(Shared),3/16/99 4:00:00 PM,152576,7.0.0.39
File45=@p2bbnd.dll,$(WinSysPath),,$(Shared),3/16/99 4:00:00 PM,59392,7.0.0.3
File46=@p2bbde.dll,$(WinSysPath),,$(Shared),3/16/99 4:00:00 PM,208127,7.0.0.25
File47=@crxlat32.dll,$(WinSysPath),,$(Shared),3/16/99 4:00:00 PM,60416,7.0.0.0
File48=@MFC42.DLL,$(WinSysPath),$(DLLSelfRegister),$(Shared),10/4/00 2:00:00 PM,995383,6.0.8665.0
File49=@MSVCRT.DLL,$(WinSysPath),,$(Shared),5/4/01 1:05:02 PM,290869,6.1.8924.0
File50=@crpaig32.dll,$(WinSysPath),,$(Shared),3/16/99 4:00:00 PM,229888,5.0.0.2
File51=@IMPLODE.DLL,$(WinSysPath),,$(Shared),5/28/03 9:36:24 PM,18944,1.0.0.1
File52=@crpe32.dll,$(WinSysPath),,$(Shared),3/16/99 4:00:00 PM,5353472,7.0.0.192
File53=@crystl32.ocx,$(WinSysPath),$(DLLSelfRegister),$(Shared),3/16/99 4:00:00 PM,993996,6.1.0.609
File54=@MSMSKES.DLL,$(WinSysPath),,$(Shared),7/28/98 12:00:00 AM,20480,6.0.81.63
File55=@MSMASK32.OCX,$(WinSysPath),$(DLLSelfRegister),$(Shared),5/7/99 12:00:00 AM,166408,6.0.84.18
File56=@RCHTXES.DLL,$(WinSysPath),,$(Shared),7/28/98 12:00:00 AM,34816,6.0.81.63
File57=@RICHED32.DLL,$(WinSysPathSysFile),,,5/8/98 12:00:00 AM,174352,4.0.993.4
File58=@RICHTX32.OCX,$(WinSysPath),$(DLLSelfRegister),$(Shared),6/24/98 12:00:00 AM,203576,6.0.81.69
File59=@CMCTLES.DLL,$(WinSysPath),,$(Shared),7/28/98 12:00:00 AM,100352,6.0.80.22
File60=@comctl32.ocx,$(WinSysPath),$(DLLSelfRegister),$(Shared),6/24/98 12:00:00 AM,609584,6.0.80.22
File61=@CMDLGES.DLL,$(WinSysPath),,$(Shared),7/28/98 12:00:00 AM,33280,6.0.81.63
File62=@Comdlg32.ocx,$(WinSysPath),$(DLLSelfRegister),$(Shared),8/1/00 5:30:02 PM,140288,6.0.84.18
File63=@FLXGDES.DLL,$(WinSysPath),,$(Shared),7/28/98 12:00:00 AM,40448,6.0.81.63
File64=@MSFLXGRD.OCX,$(WinSysPath),$(DLLSelfRegister),$(Shared),6/24/98 12:00:00 AM,244024,6.0.81.69
File65=@TABCTES.DLL,$(WinSysPath),,$(Shared),7/28/98 12:00:00 AM,21504,6.0.81.63
File66=@TABCTL32.OCX,$(WinSysPath),$(DLLSelfRegister),$(Shared),12/6/00 12:00:00 AM,209608,6.0.90.43
File67=@msado25.tlb,$(WinSysPath),$(DLLSelfRegister),$(Shared),7/26/00 5:31:16 PM,81920,2.60.6526.0
File68=@VB5DB.dll,$(WinSysPath),,$(Shared),6/18/98 12:00:00 AM,89360,6.0.81.69
File69=@MSREPL35.DLL,$(WinSysPathSysFile),,,5/5/99 10:22:00 PM,430080,3.51.2404.0
File70=@msrd2x35.dll,$(WinSysPathSysFile),$(DLLSelfRegister),,7/28/98 1:54:34 PM,252176,3.51.623.0
File71=@EXPSRV.DLL,$(WinSysPathSysFile),,,6/24/99 11:40:58 PM,379152,6.0.0.8540
File72=@VBAJET32.DLL,$(WinSysPathSysFile),,,1/22/99 4:09:38 AM,30992,6.0.1.8268
File73=@msjint35.dll,$(WinSysPathSysFile),,,7/28/98 1:54:54 PM,123664,3.51.623.0
File74=@msjter35.dll,$(WinSysPathSysFile),,,7/28/98 1:54:50 PM,24848,3.51.623.0
File75=@MSJET35.DLL,$(WinSysPathSysFile),$(DLLSelfRegister),,5/5/99 10:22:00 PM,1056768,3.51.2723.0
File76=@DAO350.DLL,$(MSDAOPath),$(DLLSelfRegister),$(Shared),4/28/98 12:00:00 AM,570128,3.51.1608.0
File77=@DAO2535.TLB,$(MSDAOPath),$(TLBRegister),$(Shared),5/16/98 12:00:00 AM,73184,0.0.0.0
File78=@EXCEL9.OLB,$(WinSysPath),,$(Shared),3/19/99 5:00:30 PM,638976,9.0.0.2719
File79=@RDO20ES.DLL,$(WinSysPath),,$(Shared),7/28/98 12:00:00 AM,66048,6.0.81.63
File80=@RDOCURS.DLL,$(WinSysPath),,$(Shared),4/3/00 5:52:54 PM,151552,6.0.88.4
File81=@MSRDO20.DLL,$(WinSysPath),$(DLLSelfRegister),$(Shared),5/11/00 1:06:20 PM,397312,6.0.88.62
File82=@OSBusiness.EXE,$(AppPath),,,4/19/05 12:22:30 PM,12292096,2001.0.0.0

; Puede eliminar las siguientes líneas para obtener espacio adicional 
; con el fin de personalizar este archivo en un disco de instalación completa.
; 
; XXXXXXXXXXXXXXXXXXXXXXXXXXXXXXXXXXXXXXXXXXXXXXXXXXXXXXXXXXXX
; XXXXXXXXXXXXXXXXXXXXXXXXXXXXXXXXXXXXXXXXXXXXXXXXXXXXXXXXXXXX
; XXXXXXXXXXXXXXXXXXXXXXXXXXXXXXXXXXXXXXXXXXXXXXXXXXXXXXXXXXXX
; XXXXXXXXXXXXXXXXXXXXXXXXXXXXXXXXXXXXXXXXXXXXXXXXXXXXXXXXXXXX
; XXXXXXXXXXXXXXXXXXXXXXXXXXXXXXXXXXXXXXXXXXXXXXXXXXXXXXXXXXXX
; XXXXXXXXXXXXXXXXXXXXXXXXXXXXXXXXXXXXXXXXXXXXXXXXXXXXXXXXXXXX
; XXXXXXXXXXXXXXXXXXXXXXXXXXXXXXXXXXXXXXXXXXXXXXXXXXXXXXXXXXXX
; XXXXXXXXXXXXXXXXXXXXXXXXXXXXXXXXXXXXXXXXXXXXXXXXXXXXXXXXXXXX
; XXXXXXXXXXXXXXXXXXXXXXXXXXXXXXXXXXXXXXXXXXXXXXXXXXXXXXXXXXXX
; XXXXXXXXXXXXXXXXXXXXXXXXXXXXXXXXXXXXXXXXXXXXXXXXXXXXXXXXXXXX
; XXXXXXXXXXXXXXXXXXXXXXXXXXXXXXXXXXXXXXXXXXXXXXXXXXXXXXXXXXXX
; XXXXXXXXXXXXXXXXXXXXXXXXXXXXXXXXXXXXXXXXXXXXXXXXXXXXXXXXXXXX
; XXXXXXXXXXXXXXXXXXXXXXXXXXXXXXXXXXXXXXXXXXXXXXXXXXXXXXXXXXXX
; XXXXXXXXXXXXXXXXXXXXXXXXXXXXXXXXXXXXXXXXXXXXXXXXXXXXXXXXXXXX
; XXXXXXXXXXXXXXXXXXXXXXXXXXXXXXXXXXXXXXXXXXXXXXXXXXXXXXXXXXXX
; XXXXXXXXXXXXXXXXXXXXXXXXXXXXXXXXXXXXXXXXXXXXXXXXXXXXXXXXXXXX
; XXXXXXXXXXXXXXXXXXXXXXXXXXXXXXXXXXXXXXXXXXXXXXXXXXXXXXXXXXXX
; XXXXXXXXXXXXXXXXXXXXXXXXXXXXXXXXXXXXXXXXXXXXXXXXXXXXXXXXXXXX
; XXXXXXXXXXXXXXXXXXXXXXXXXXXXXXXXXXXXXXXXXXXXXXXXXXXXXXXXXXXX
; XXXXXXXXXXXXXXXXXXXXXXXXXXXXXXXXXXXXXXXXXXXXXXXXXXXXXXXXXXXX
; XXXXXXXXXXXXXXXXXXXXXXXXXXXXXXXXXXXXXXXXXXXXXXXXXXXXXXXXXXXX
; XXXXXXXXXXXXXXXXXXXXXXXXXXXXXXXXXXXXXXXXXXXXXXXXXXXXXXXXXXXX
; XXXXXXXXXXXXXXXXXXXXXXXXXXXXXXXXXXXXXXXXXXXXXXXXXXXXXXXXXXXX
; XXXXXXXXXXXXXXXXXXXXXXXXXXXXXXXXXXXXXXXXXXXXXXXXXXXXXXXXXXXX
; XXXXXXXXXXXXXXXXXXXXXXXXXXXXXXXXXXXXXXXXXXXXXXXXXXXXXXXXXXXX
; XXXXXXXXXXXXXXXXXXXXXXXXXXXXXXXXXXXXXXXXXXXXXXXXXXXXXXXXXXXX
; XXXXXXXXXXXXXXXXXXXXXXXXXXXXXXXXXXXXXXXXXXXXXXXXXXXXXXXXXXXX
; XXXXXXXXXXXXXXXXXXXXXXXXXXXXXXXXXXXXXXXXXXXXXXXXXXXXXXXXXXXX
; XXXXXXXXXXXXXXXXXXXXXXXXXXXXXXXXXXXXXXXXXXXXXXXXXXXXXXXXXXXX
; XXXXXXXXXXXXXXXXXXXXXXXXXXXXXXXXXXXXXXXXXXXXXXXXXXXXXXXXXXXX
; XXXXXXXXXXXXXXXXXXXXXXXXXXXXXXXXXXXXXXXXXXXXXXXXXXXXXXXXXXXX
; XXXXXXXXXXXXXXXXXXXXXXXXXXXXXXXXXXXXXXXXXXXXXXXXXXXXXXXXXXXX
; XXXXXXXXXXXXXXXXXXXXXXXXXXXXXXXXXXXXXXXXXXXXXXXXXXXXXXXXXXXX
; XXXXXXXXXXXXXXXXXXXXXXXXXXXXXXXXXXXXXXXXXXXXXXXXXXXXXXXXXXXX
; XXXXXXXXXXXXXXXXXXXXXXXXXXXXXXXXXXXXXXXXXXXXXXXXXXXXXXXXXXXX
