Línea 1231: la clase TabDlg.SSTab del control SSTab1 no era una clase de control cargada.
Línea 1237: el nombre de la propiedad _ExtentX de SSTab1 no es válido.
Línea 1238: el nombre de la propiedad _ExtentY de SSTab1 no es válido.
Línea 1239: el nombre de la propiedad _Version de SSTab1 no es válido.
Línea 1240: el nombre de la propiedad TabHeight de SSTab1 no es válido.
Línea 1251: el nombre de la propiedad TabCaption(0) de SSTab1 no es válido.
Línea 1252: el nombre de la propiedad TabPicture(0) de SSTab1 no es válido.
Línea 1253: el nombre de la propiedad Tab(0).ControlEnabled de SSTab1 no es válido.
Línea 1254: el nombre de la propiedad Tab(0).Control(0) de SSTab1 no es válido.
Línea 1255: el nombre de la propiedad Tab(0).Control(0).Enabled de SSTab1 no es válido.
Línea 1256: el nombre de la propiedad Tab(0).Control(1) de SSTab1 no es válido.
Línea 1257: el nombre de la propiedad Tab(0).Control(1).Enabled de SSTab1 no es válido.
Línea 1258: el nombre de la propiedad Tab(0).Control(2) de SSTab1 no es válido.
Línea 1259: el nombre de la propiedad Tab(0).Control(2).Enabled de SSTab1 no es válido.
Línea 1260: el nombre de la propiedad Tab(0).Control(3) de SSTab1 no es válido.
Línea 1261: el nombre de la propiedad Tab(0).Control(3).Enabled de SSTab1 no es válido.
Línea 1262: el nombre de la propiedad Tab(0).Control(4) de SSTab1 no es válido.
Línea 1263: el nombre de la propiedad Tab(0).Control(4).Enabled de SSTab1 no es válido.
Línea 1264: el nombre de la propiedad Tab(0).ControlCount de SSTab1 no es válido.
Línea 1265: el nombre de la propiedad TabCaption(1) de SSTab1 no es válido.
Línea 1266: el nombre de la propiedad TabPicture(1) de SSTab1 no es válido.
Línea 1267: el nombre de la propiedad Tab(1).ControlEnabled de SSTab1 no es válido.
Línea 1268: el nombre de la propiedad Tab(1).Control(0) de SSTab1 no es válido.
Línea 1269: el nombre de la propiedad Tab(1).Control(1) de SSTab1 no es válido.
Línea 1270: el nombre de la propiedad Tab(1).Control(2) de SSTab1 no es válido.
Línea 1271: el nombre de la propiedad Tab(1).ControlCount de SSTab1 no es válido.
Línea 1272: el nombre de la propiedad TabCaption(2) de SSTab1 no es válido.
Línea 1273: el nombre de la propiedad TabPicture(2) de SSTab1 no es válido.
Línea 1274: el nombre de la propiedad Tab(2).ControlEnabled de SSTab1 no es válido.
Línea 1275: el nombre de la propiedad Tab(2).Control(0) de SSTab1 no es válido.
Línea 1276: el nombre de la propiedad Tab(2).Control(1) de SSTab1 no es válido.
Línea 1277: el nombre de la propiedad Tab(2).Control(2) de SSTab1 no es válido.
Línea 1278: el nombre de la propiedad Tab(2).Control(3) de SSTab1 no es válido.
Línea 1279: el nombre de la propiedad Tab(2).ControlCount de SSTab1 no es válido.
