Línea 59: la clase RichTextLib.RichTextBox del control TEXTOVAR no era una clase de control cargada.
Línea 83: la clase MSFlexGridLib.MSFlexGrid del control gridigv no era una clase de control cargada.
Línea 97: la clase MSMask.MaskEdBox del control txtfecha no era una clase de control cargada.
Línea 198: la clase MSComctlLib.ProgressBar del control ProgBar no era una clase de control cargada.
Línea 66: el nombre de la propiedad _ExtentX de TEXTOVAR no es válido.
Línea 67: el nombre de la propiedad _ExtentY de TEXTOVAR no es válido.
Línea 68: el nombre de la propiedad _Version de TEXTOVAR no es válido.
Línea 71: el nombre de la propiedad MultiLine de TEXTOVAR no es válido.
Línea 72: el nombre de la propiedad TextRTF de TEXTOVAR no es válido.
Línea 90: el nombre de la propiedad _ExtentX de gridigv no es válido.
Línea 91: el nombre de la propiedad _ExtentY de gridigv no es válido.
Línea 92: el nombre de la propiedad _Version de gridigv no es válido.
Línea 93: el nombre de la propiedad Rows de gridigv no es válido.
Línea 94: el nombre de la propiedad FixedRows de gridigv no es válido.
Línea 95: el nombre de la propiedad BackColorBkg de gridigv no es válido.
Línea 104: el nombre de la propiedad _ExtentX de txtfecha no es válido.
Línea 105: el nombre de la propiedad _ExtentY de txtfecha no es válido.
Línea 106: el nombre de la propiedad _Version de txtfecha no es válido.
Línea 116: el nombre de la propiedad PromptChar de txtfecha no es válido.
Línea 205: el nombre de la propiedad _ExtentX de ProgBar no es válido.
Línea 206: el nombre de la propiedad _ExtentY de ProgBar no es válido.
Línea 207: el nombre de la propiedad _Version de ProgBar no es válido.
