========================================
OSBusiness - Inicio de Sesion: 07/07/2026 08:15:56
Usuario: Jose Luis
PC: DESKTOP-QIL4IGM
========================================
08:15:56 [INFO] [GENERAL] Splash: Inicio Form_Load
08:15:56 [INFO] [GENERAL] Splash: Antes de CONEXION_GEN
08:15:57 [INFO] [GENERAL] Splash: Despues de CONEXION_GEN
08:15:57 [INFO] [GENERAL] Splash: Antes de Load MDIForm1
08:15:57 [INFO] [GENERAL] MDI: Inicio MDIForm_Load
08:15:57 [INFO] [GENERAL] MDI: Antes de GEN.Requery
08:15:57 [INFO] [GENERAL] MDI: Despues de GEN.Requery
08:15:57 [INFO] [GENERAL] MDI: Ruta Reportes = Y:\ADMIN\NORDI\
08:15:57 [INFO] [GENERAL] MDI: Antes de Splash.Hide
08:15:57 [INFO] [GENERAL] MDI: Despues de Splash.Hide
08:15:57 [INFO] [GENERAL] MDI: Antes de PASSFORM.Show
08:15:57 [INFO] [GENERAL] PASSFORM: Inicio Form_Load
08:15:57 [INFO] [GENERAL] PASSFORM: Inicio Form_Activate
08:16:00 [INFO] [GENERAL] Splash: Despues de Load MDIForm1
08:16:02 [TRACE] [GENERAL] MDI: Toolbar Click - FORMGEN
08:16:04 [TRACE] [GENERAL] PROC_TRANSA: Inicio numarchi=9
08:16:05 [TRACE] [GENERAL] PROC_TRANSA: Inicio numarchi=9
08:16:05 [TRACE] [GENERAL] PROC_TRANSA: Inicio numarchi=9
08:16:05 [TRACE] [GENERAL] PROC_TRANSA: Inicio numarchi=9
08:16:24 [TRACE] [GENERAL] PROC_LISVIEW: Inicio numarchi=2
08:16:24 [TRACE] [GENERAL] PROC_LISVIEW: PrepararListView, SQL=SELECT VEM_CODVEN , VEM_CODCIA, VEM_NOMBRE  FROM VEMAEST WHERE  VEM_DESACTIVO <> 'A' AND VEM_CODCIA = '25' AND VEM_NOMBRE BETWEEN ' ' AND  'ZZZZZZZZ' ORDER BY VEM_NOMBRE
08:16:25 [TRACE] [GENERAL] PROC_LISVIEW: Fin items=11/11
08:16:31 [TRACE] [GENERAL] PROC_LISVIEW: Inicio numarchi=7
08:16:31 [TRACE] [GENERAL] PROC_LISVIEW: PrepararListView, SQL=SELECT TOP 1000 ART_KEY, ART_CODCIA, LTRIM(RTRIM(ART_NOMBRE)) ART_NOMBRE, ART_ALTERNO,ART_SUBGRU, cia_actual.ARM_STOCK as ARM_STOCK, PreC.PRE_EQUIV,PreC.PRE_UNIDAD, PreU.PRE_PRE1,PreC.PRE_PRE1 PRE_PRE
08:16:31 [TRACE] [GENERAL] PROC_LISVIEW: Inicio numarchi=7
08:16:31 [TRACE] [GENERAL] PROC_LISVIEW: PrepararListView, SQL=SELECT TOP 1000 ART_KEY, ART_CODCIA, LTRIM(RTRIM(ART_NOMBRE)) ART_NOMBRE, ART_ALTERNO,ART_SUBGRU, cia_actual.ARM_STOCK as ARM_STOCK, PreC.PRE_EQUIV,PreC.PRE_UNIDAD, PreU.PRE_PRE1,PreC.PRE_PRE1 PRE_PRE
08:16:31 [TRACE] [GENERAL] PROC_LISVIEW: Fin items=110/110
08:16:31 [TRACE] [GENERAL] PROC_LISVIEW: Inicio numarchi=7
08:16:31 [TRACE] [GENERAL] PROC_LISVIEW: PrepararListView, SQL=SELECT TOP 1000 ART_KEY, ART_CODCIA, LTRIM(RTRIM(ART_NOMBRE)) ART_NOMBRE, ART_ALTERNO,ART_SUBGRU, cia_actual.ARM_STOCK as ARM_STOCK, PreC.PRE_EQUIV,PreC.PRE_UNIDAD, PreU.PRE_PRE1,PreC.PRE_PRE1 PRE_PRE
08:16:31 [TRACE] [GENERAL] PROC_LISVIEW: Fin items=110/110
08:16:42 [TRACE] [GENERAL] PROC_LISVIEW: Inicio numarchi=7
08:16:42 [TRACE] [GENERAL] PROC_LISVIEW: PrepararListView, SQL=SELECT TOP 2000 ART_KEY, ART_CODCIA, ART_NOMBRE, ART_ALTERNO, cia_actual.ARM_STOCK as ARM_STOCK , PRE_EQUIV,  PRE_UNIDAD,PRE_PRE1,PRE_PRE2,PRE_PRE3,PRE_PRE4,PRE_PRE5,PRE_PRE6,cia_otra.ARM_STOCK as ARM
08:16:58 [TRACE] [GENERAL] MDI: Toolbar Click - Salir
========================================
OSBusiness - Inicio de Sesion: 07/07/2026 08:51:02
Usuario: Jose Luis
PC: DESKTOP-QIL4IGM
========================================
08:51:02 [INFO] [GENERAL] Splash: Inicio Form_Load
08:51:02 [INFO] [GENERAL] Splash: Antes de CONEXION_GEN
08:51:03 [INFO] [GENERAL] Splash: Despues de CONEXION_GEN
08:51:03 [INFO] [GENERAL] Splash: Antes de Load MDIForm1
08:51:03 [INFO] [GENERAL] MDI: Inicio MDIForm_Load
08:51:03 [INFO] [GENERAL] MDI: Antes de GEN.Requery
08:51:03 [INFO] [GENERAL] MDI: Despues de GEN.Requery
08:51:03 [INFO] [GENERAL] MDI: Ruta Reportes = Y:\ADMIN\NORDI\
08:51:03 [INFO] [GENERAL] MDI: Antes de Splash.Hide
08:51:03 [INFO] [GENERAL] MDI: Despues de Splash.Hide
08:51:03 [INFO] [GENERAL] MDI: Antes de PASSFORM.Show
08:51:03 [INFO] [GENERAL] PASSFORM: Inicio Form_Load
08:51:03 [INFO] [GENERAL] PASSFORM: Inicio Form_Activate
08:51:13 [INFO] [GENERAL] Splash: Despues de Load MDIForm1
08:51:17 [TRACE] [GENERAL] MDI: Toolbar Click - FORMGEN
========================================
OSBusiness - Inicio de Sesion: 07/07/2026 09:51:47
Usuario: Jose Luis
PC: DESKTOP-QIL4IGM
========================================
09:51:47 [INFO] [GENERAL] Splash: Inicio Form_Load
09:51:47 [INFO] [GENERAL] Splash: Antes de CONEXION_GEN
09:51:47 [INFO] [GENERAL] Splash: Despues de CONEXION_GEN
09:51:47 [INFO] [GENERAL] Splash: Antes de Load MDIForm1
09:51:48 [INFO] [GENERAL] MDI: Inicio MDIForm_Load
09:51:48 [INFO] [GENERAL] MDI: Antes de GEN.Requery
09:51:48 [INFO] [GENERAL] MDI: Despues de GEN.Requery
09:51:48 [INFO] [GENERAL] MDI: Ruta Reportes = Y:\ADMIN\NORDI\
09:51:48 [INFO] [GENERAL] MDI: Antes de Splash.Hide
09:51:48 [INFO] [GENERAL] MDI: Despues de Splash.Hide
09:51:48 [INFO] [GENERAL] MDI: Antes de PASSFORM.Show
09:51:48 [INFO] [GENERAL] PASSFORM: Inicio Form_Load
09:51:48 [INFO] [GENERAL] PASSFORM: Inicio Form_Activate
09:51:52 [INFO] [GENERAL] Splash: Despues de Load MDIForm1
09:51:56 [TRACE] [GENERAL] MDI: Toolbar Click - FORMGEN
========================================
OSBusiness - Inicio de Sesion: 07/07/2026 10:33:43
Usuario: Jose Luis
PC: DESKTOP-QIL4IGM
========================================
10:33:43 [INFO] [GENERAL] Splash: Inicio Form_Load
10:33:43 [INFO] [GENERAL] Splash: Antes de CONEXION_GEN
10:33:44 [INFO] [GENERAL] Splash: Despues de CONEXION_GEN
10:33:44 [INFO] [GENERAL] Splash: Antes de Load MDIForm1
10:33:44 [INFO] [GENERAL] MDI: Inicio MDIForm_Load
10:33:44 [INFO] [GENERAL] MDI: Antes de GEN.Requery
10:33:44 [INFO] [GENERAL] MDI: Despues de GEN.Requery
10:33:44 [INFO] [GENERAL] MDI: Ruta Reportes = Y:\ADMIN\NORDI\
10:33:44 [INFO] [GENERAL] MDI: Antes de Splash.Hide
10:33:44 [INFO] [GENERAL] MDI: Despues de Splash.Hide
10:33:44 [INFO] [GENERAL] MDI: Antes de PASSFORM.Show
10:33:44 [INFO] [GENERAL] PASSFORM: Inicio Form_Load
10:33:44 [INFO] [GENERAL] PASSFORM: Inicio Form_Activate
10:33:47 [INFO] [GENERAL] Splash: Despues de Load MDIForm1
10:33:49 [TRACE] [GENERAL] MDI: Toolbar Click - FORMGEN
10:33:52 [TRACE] [GENERAL] PROC_TRANSA: Inicio numarchi=9
10:33:53 [TRACE] [GENERAL] PROC_TRANSA: Inicio numarchi=9
10:33:53 [TRACE] [GENERAL] PROC_TRANSA: Inicio numarchi=9
10:33:53 [TRACE] [GENERAL] PROC_TRANSA: Inicio numarchi=9
10:34:04 [TRACE] [GENERAL] PROC_LISVIEW: Inicio numarchi=7
10:34:04 [TRACE] [GENERAL] PROC_LISVIEW: PrepararListView, SQL=SELECT TOP 1000 ART_KEY, ART_CODCIA, LTRIM(RTRIM(ART_NOMBRE)) ART_NOMBRE, ART_ALTERNO,ART_SUBGRU, cia_actual.ARM_STOCK as ARM_STOCK, PreC.PRE_EQUIV,PreC.PRE_UNIDAD, PreU.PRE_PRE1,PreC.PRE_PRE1 PRE_PRE
10:34:04 [TRACE] [GENERAL] PROC_LISVIEW: Fin items=110/110
10:34:18 [TRACE] [GENERAL] PROC_LISVIEW: Inicio numarchi=7
10:34:18 [TRACE] [GENERAL] PROC_LISVIEW: PrepararListView, SQL=SELECT TOP 1000 ART_KEY, ART_CODCIA, LTRIM(RTRIM(ART_NOMBRE)) ART_NOMBRE, ART_ALTERNO,ART_SUBGRU, cia_actual.ARM_STOCK as ARM_STOCK, PreC.PRE_EQUIV,PreC.PRE_UNIDAD, PreU.PRE_PRE1,PreC.PRE_PRE1 PRE_PRE
10:34:18 [TRACE] [GENERAL] PROC_LISVIEW: Fin items=110/110
