========================================
OSBusiness - Inicio de Sesion: 01/07/2026 16:19:28
Usuario: Jose Luis
PC: DESKTOP-QIL4IGM
========================================
16:19:28 [INFO] [GENERAL] Splash: Inicio Form_Load
16:19:29 [INFO] [GENERAL] Splash: Antes de CONEXION_GEN
16:19:29 [INFO] [GENERAL] Splash: Despues de CONEXION_GEN
16:19:29 [INFO] [GENERAL] Splash: Antes de Load MDIForm1
16:20:45 [INFO] [GENERAL] Splash: Despues de Load MDIForm1
========================================
OSBusiness - Inicio de Sesion: 01/07/2026 19:01:44
Usuario: Jose Luis
PC: DESKTOP-QIL4IGM
========================================
19:01:44 [INFO] [GENERAL] Splash: Inicio Form_Load
19:01:44 [INFO] [GENERAL] Splash: Antes de CONEXION_GEN
19:01:44 [INFO] [GENERAL] Splash: Despues de CONEXION_GEN
19:01:44 [INFO] [GENERAL] Splash: Antes de Load MDIForm1
19:01:49 [INFO] [GENERAL] Splash: Despues de Load MDIForm1
19:01:53 [TRACE] [GENERAL] PROC_TRANSA: Inicio
19:01:53 [TRACE] [GENERAL] PROC_TRANSA: Inicio
19:01:53 [TRACE] [GENERAL] PROC_TRANSA: Inicio
19:01:53 [TRACE] [GENERAL] PROC_TRANSA: Inicio
19:02:00 [TRACE] [GENERAL] PROC_LISVIEW: Inicio
19:02:08 [TRACE] [GENERAL] PROC_LISVIEW: Inicio
